// Jest Snapshot v1, https://goo.gl/fbAQLP

exports[`About section render 1`] = `ShallowWrapper {}`;

exports[`Card Row for Covid test 1`] = `ShallowWrapper {}`;

exports[`City Model section render 1`] = `ShallowWrapper {}`;

exports[`Country Model section render 1`] = `ShallowWrapper {}`;

exports[`Covid Cases test 1`] = `ShallowWrapper {}`;

exports[`Navbar test 1`] = `ShallowWrapper {}`;

exports[`Splash section render 1`] = `ShallowWrapper {}`;
